2025-07-25 13:09:42 Loading main app package /tmp/.mount_obsidiKxDJ6F/resources/obsidian.asar
2025-07-25 13:09:43 Checking for update using Github
2025-07-25 13:09:43 Success.
2025-07-25 13:09:43 Latest version is 1.8.10
2025-07-25 13:09:43 App is up to date.
2025-07-25 13:20:05 Loading main app package /tmp/.mount_obsidiO1SHLh/resources/obsidian.asar
2025-07-25 13:20:06 Checking for update using Github
2025-07-25 13:20:06 Success.
2025-07-25 13:20:06 Latest version is 1.8.10
2025-07-25 13:20:06 App is up to date.
2025-07-25 13:30:24 Loading main app package /tmp/.mount_obsidigcn7Pd/resources/obsidian.asar
2025-07-25 13:30:24 Checking for update using Github
2025-07-25 13:30:25 Success.
2025-07-25 13:30:25 Latest version is 1.8.10
2025-07-25 13:30:25 App is up to date.
2025-07-25 13:30:40 Loading main app package /tmp/.mount_obsidiz6Batz/resources/obsidian.asar
2025-07-25 13:30:41 Checking for update using Github
2025-07-25 13:30:41 Success.
2025-07-25 13:30:41 Latest version is 1.8.10
2025-07-25 13:30:41 App is up to date.
2025-07-25 13:33:11 Loading main app package /tmp/.mount_obsidiOpkGIP/resources/obsidian.asar
2025-07-25 13:33:16 Checking for update using Github
2025-07-25 13:33:16 Success.
2025-07-25 13:33:16 Latest version is 1.8.10
2025-07-25 13:33:16 App is up to date.
2025-07-25 13:36:57 Loading main app package /tmp/.mount_obsidi1pIwBA/resources/obsidian.asar
2025-07-25 13:36:58 Checking for update using Github
2025-07-25 13:36:59 Success.
2025-07-25 13:36:59 Latest version is 1.8.10
2025-07-25 13:36:59 App is up to date.
2025-07-25 14:00:48 Loading main app package /tmp/.mount_obsidiEZVF0o/resources/obsidian.asar
2025-07-25 14:00:49 Checking for update using Github
2025-07-25 14:00:49 Success.
2025-07-25 14:00:49 Latest version is 1.8.10
2025-07-25 14:00:49 App is up to date.
2025-07-25 14:03:08 Loading main app package /tmp/.mount_obsidiiAucH4/resources/obsidian.asar
2025-07-25 14:03:08 Checking for update using Github
2025-07-25 14:03:08 Success.
2025-07-25 14:03:08 Latest version is 1.8.10
2025-07-25 14:03:08 App is up to date.
2025-07-25 14:14:44 Loading main app package /tmp/.mount_obsidivqgFYE/resources/obsidian.asar
2025-07-25 14:14:44 Checking for update using Github
2025-07-25 14:14:45 Success.
2025-07-25 14:14:45 Latest version is 1.8.10
2025-07-25 14:14:45 App is up to date.
2025-07-25 16:25:13 Checking for update using Github
2025-07-25 16:25:13 Success.
2025-07-25 16:25:13 Latest version is 1.8.10
2025-07-25 16:25:13 App is up to date.
2025-07-25 16:54:41 Loading main app package /tmp/.mount_obsidiOwwnFs/resources/obsidian.asar
2025-07-25 16:54:42 Checking for update using Github
2025-07-25 16:54:43 Success.
2025-07-25 16:54:43 Latest version is 1.8.10
2025-07-25 16:54:43 App is up to date.
2025-07-25 17:15:54 Loading main app package /tmp/.mount_obsidiQkeKVW/resources/obsidian.asar
2025-07-25 17:15:54 Checking for update using Github
2025-07-25 17:15:55 Success.
2025-07-25 17:15:55 Latest version is 1.8.10
2025-07-25 17:15:55 App is up to date.
2025-07-25 17:58:16 Loading main app package /tmp/.mount_obsidijatogU/resources/obsidian.asar
2025-07-25 17:58:16 Checking for update using Github
2025-07-25 17:58:17 Success.
2025-07-25 17:58:17 Latest version is 1.8.10
2025-07-25 17:58:17 App is up to date.
2025-07-25 18:03:56 Loading main app package /tmp/.mount_obsidikazSJp/resources/obsidian.asar
2025-07-25 18:03:56 Checking for update using Github
2025-07-25 18:03:57 Success.
2025-07-25 18:03:57 Latest version is 1.8.10
2025-07-25 18:03:57 App is up to date.
2025-07-25 18:09:43 Loading main app package /tmp/.mount_obsidiCUGYjL/resources/obsidian.asar
2025-07-25 18:09:43 Checking for update using Github
2025-07-25 18:09:44 Success.
2025-07-25 18:09:44 Latest version is 1.8.10
2025-07-25 18:09:44 App is up to date.
2025-07-28 10:51:24 Loading main app package /tmp/.mount_obsidi3JPru4/resources/obsidian.asar
2025-07-28 10:51:25 Checking for update using Github
2025-07-28 10:51:27 Failed to check for update using Github (net::ERR_NETWORK_CHANGED)
2025-07-28 10:51:27 Checking for update using obsidian.md
2025-07-28 10:51:34 Failed to check for update using obsidian.md (net::ERR_NAME_NOT_RESOLVED)
2025-07-28 10:58:57 Loading main app package /tmp/.mount_obsidikNN7a1/resources/obsidian.asar
2025-07-28 10:58:58 Checking for update using Github
2025-07-28 10:58:59 Success.
2025-07-28 10:58:59 Latest version is 1.8.10
2025-07-28 10:58:59 App is up to date.
2025-07-28 11:58:57 Checking for update using Github
2025-07-28 11:58:57 Success.
2025-07-28 11:58:57 Latest version is 1.8.10
2025-07-28 11:58:57 App is up to date.
2025-07-28 13:33:48 Checking for update using Github
2025-07-28 13:33:48 Success.
2025-07-28 13:33:48 Latest version is 1.8.10
2025-07-28 13:33:48 App is up to date.
2025-08-03 02:04:07 Loading main app package /tmp/.mount_obsidiJA1EPy/resources/obsidian.asar
2025-08-03 02:04:08 Checking for update using Github
2025-08-03 02:04:08 Success.
2025-08-03 02:04:08 Latest version is 1.8.10
2025-08-03 02:04:08 App is up to date.
2025-08-03 02:04:24 Loading main app package /tmp/.mount_obsidia8mJSp/resources/obsidian.asar
2025-08-03 02:04:24 Checking for update using Github
2025-08-03 02:04:24 Success.
2025-08-03 02:04:24 Latest version is 1.8.10
2025-08-03 02:04:24 App is up to date.
2025-08-03 02:06:33 Loading main app package /tmp/.mount_obsidid01MLy/resources/obsidian.asar
2025-08-03 02:06:34 Checking for update using Github
2025-08-03 02:06:34 Success.
2025-08-03 02:06:34 Latest version is 1.8.10
2025-08-03 02:06:34 App is up to date.
2025-08-03 02:14:34 Loading main app package /tmp/.mount_obsidiSEr4zQ/resources/obsidian.asar
2025-08-03 02:14:34 Checking for update using Github
2025-08-03 02:14:35 Success.
2025-08-03 02:14:35 Latest version is 1.8.10
2025-08-03 02:14:35 App is up to date.
2025-08-04 13:41:37 Loading main app package /tmp/.mount_obsidiUjKBWm/resources/obsidian.asar
2025-08-04 13:41:38 Checking for update using Github
2025-08-04 13:41:39 Success.
2025-08-04 13:41:39 Latest version is 1.8.10
2025-08-04 13:41:39 App is up to date.
2025-08-04 14:41:37 Checking for update using Github
2025-08-04 14:41:38 Success.
2025-08-04 14:41:38 Latest version is 1.8.10
2025-08-04 14:41:38 App is up to date.
2025-08-15 16:51:38 Loading main app package /tmp/.mount_obsidijqfUch/resources/obsidian.asar
2025-08-15 16:51:40 Checking for update using Github
2025-08-15 16:51:42 Success.
2025-08-15 16:51:42 Latest version is 1.8.10
2025-08-15 16:51:42 App is up to date.
2025-09-09 13:31:26 Loading main app package /tmp/.mount_obsidib09eho/resources/obsidian.asar
2025-09-09 13:31:27 Checking for update using Github
2025-09-09 13:31:28 Success.
2025-09-09 13:31:28 Latest version is 1.9.12
2025-09-09 13:31:28 Downloading update from https://github.com/obsidianmd/obsidian-releases/releases/download/v1.9.12/obsidian-1.9.12.asar.gz
2025-09-09 13:31:30 Verifying hash & signature. Size= 9033321
2025-09-09 13:31:30 Saving file
2025-09-09 13:31:34 Update complete.
2025-11-27 13:19:02 Loading updated app package /home/roazzolini/.config/obsidian/obsidian-1.9.12.asar
2025-11-27 13:19:03 Checking for update using Github
2025-11-27 13:19:04 Success.
2025-11-27 13:19:04 Latest version is 1.10.6
2025-11-27 13:19:04 Downloading update from https://github.com/obsidianmd/obsidian-releases/releases/download/v1.10.6/obsidian-1.10.6.asar.gz
2025-11-27 13:19:07 Verifying hash & signature. Size= 9054843
2025-11-27 13:19:07 Saving file
2025-11-27 13:19:08 Update complete.
2025-11-27 20:29:56 Loading updated app package /home/roazzolini/.config/obsidian/obsidian-1.10.6.asar
2025-11-27 20:29:57 Checking for update using Github
2025-11-27 20:29:58 Success.
2025-11-27 20:29:58 Latest version is 1.10.6
2025-11-27 20:29:58 App is up to date.
2025-12-07 19:58:21 Loading updated app package /home/roazzolini/.config/obsidian/obsidian-1.10.6.asar
2025-12-07 19:58:22 Checking for update using Github
2025-12-07 19:58:23 Success.
2025-12-07 19:58:23 Latest version is 1.10.6
2025-12-07 19:58:23 App is up to date.
2025-12-07 20:58:21 Checking for update using Github
2025-12-07 20:58:21 Success.
2025-12-07 20:58:21 Latest version is 1.10.6
2025-12-07 20:58:21 App is up to date.
2025-12-07 23:08:08 Checking for update using Github
2025-12-07 23:08:08 Success.
2025-12-07 23:08:08 Latest version is 1.10.6
2025-12-07 23:08:08 App is up to date.
2026-01-15 15:02:02 Loading updated app package /home/roazzolini/.config/obsidian/obsidian-1.10.6.asar
2026-01-15 15:02:03 Checking for update using Github
2026-01-15 15:02:03 Success.
2026-01-15 15:02:03 Latest version is 1.11.4
2026-01-15 15:02:03 Downloading update from https://github.com/obsidianmd/obsidian-releases/releases/download/v1.11.4/obsidian-1.11.4.asar.gz
2026-01-15 15:02:04 Verifying hash & signature. Size= 8769455
2026-01-15 15:02:04 Saving file
2026-01-15 15:02:04 Update complete.
2026-01-27 13:31:49 Loading updated app package /home/roazzolini/.config/obsidian/obsidian-1.11.4.asar
2026-01-27 13:31:50 Checking for update using Github
2026-01-27 13:31:50 Success.
2026-01-27 13:31:50 Latest version is 1.11.5
2026-01-27 13:31:50 Downloading update from https://github.com/obsidianmd/obsidian-releases/releases/download/v1.11.5/obsidian-1.11.5.asar.gz
2026-01-27 13:31:51 Verifying hash & signature. Size= 8771203
2026-01-27 13:31:51 Saving file
2026-01-27 13:31:52 Update complete.
2026-01-27 14:31:49 Checking for update using Github
2026-01-27 14:31:49 Success.
2026-01-27 14:31:49 Latest version is 1.11.5
2026-01-27 14:31:49 An update is already downloaded.
2026-01-27 15:31:49 Checking for update using Github
2026-01-27 15:31:49 Success.
2026-01-27 15:31:49 Latest version is 1.11.5
2026-01-27 15:31:49 An update is already downloaded.
2026-01-27 16:31:49 Checking for update using Github
2026-01-27 16:31:49 Success.
2026-01-27 16:31:49 Latest version is 1.11.5
2026-01-27 16:31:49 An update is already downloaded.
2026-01-30 22:47:07 Checking for update using Github
2026-01-30 22:47:08 Success.
2026-01-30 22:47:08 Latest version is 1.11.5
2026-01-30 22:47:08 An update is already downloaded.
2026-02-03 13:45:50 Loading updated app package /home/roazzolini/.config/obsidian/obsidian-1.11.5.asar
2026-02-03 13:45:50 Checking for update using Github
2026-02-03 13:45:55 Success.
2026-02-03 13:45:55 Latest version is 1.11.5
2026-02-03 13:45:55 App is up to date.
2026-02-03 14:45:50 Checking for update using Github
2026-02-03 14:45:50 Success.
2026-02-03 14:45:50 Latest version is 1.11.5
2026-02-03 14:45:50 App is up to date.
2026-02-03 15:55:17 Checking for update using Github
2026-02-03 15:55:17 Success.
2026-02-03 15:55:17 Latest version is 1.11.5
2026-02-03 15:55:17 App is up to date.
2026-02-03 16:39:04 Loading updated app package /home/roazzolini/.config/obsidian/obsidian-1.11.5.asar
2026-02-03 16:39:05 Checking for update using Github
2026-02-03 16:39:06 Success.
2026-02-03 16:39:06 Latest version is 1.11.5
2026-02-03 16:39:06 App is up to date.
2026-02-03 16:47:21 Loading updated app package /home/roazzolini/.config/obsidian/obsidian-1.11.5.asar
2026-02-03 16:47:22 Checking for update using Github
2026-02-03 16:47:22 Success.
2026-02-03 16:47:22 Latest version is 1.11.5
2026-02-03 16:47:22 App is up to date.
2026-02-12 12:52:08 Loading updated app package /home/roazzolini/.config/obsidian/obsidian-1.11.5.asar
2026-02-12 12:52:09 Checking for update using Github
2026-02-12 12:52:09 Success.
2026-02-12 12:52:09 Latest version is 1.11.7
2026-02-12 12:52:09 Downloading update from https://github.com/obsidianmd/obsidian-releases/releases/download/v1.11.7/obsidian-1.11.7.asar.gz
2026-02-12 12:52:10 Verifying hash & signature. Size= 8773752
2026-02-12 12:52:10 Saving file
2026-02-12 12:52:11 Update complete.
2026-02-14 21:29:42 Loading updated app package /home/roazzolini/.config/obsidian/obsidian-1.11.7.asar
2026-02-14 21:29:43 Checking for update using Github
2026-02-14 21:29:44 Success.
2026-02-14 21:29:44 Latest version is 1.11.7
2026-02-14 21:29:44 App is up to date.
2026-02-14 22:29:42 Checking for update using Github
2026-02-14 22:29:42 Success.
2026-02-14 22:29:42 Latest version is 1.11.7
2026-02-14 22:29:42 App is up to date.
2026-02-15 11:31:39 Checking for update using Github
2026-02-15 11:31:39 Success.
2026-02-15 11:31:39 Latest version is 1.11.7
2026-02-15 11:31:39 App is up to date.
2026-02-15 12:31:39 Checking for update using Github
2026-02-15 12:31:39 Success.
2026-02-15 12:31:39 Latest version is 1.11.7
2026-02-15 12:31:39 App is up to date.
2026-02-15 18:19:39 Loading updated app package /home/roazzolini/.config/obsidian/obsidian-1.11.7.asar
2026-02-15 18:19:40 Checking for update using Github
2026-02-15 18:19:41 Success.
2026-02-15 18:19:41 Latest version is 1.11.7
2026-02-15 18:19:41 App is up to date.
2026-02-15 19:19:39 Checking for update using Github
2026-02-15 19:19:40 Success.
2026-02-15 19:19:40 Latest version is 1.11.7
2026-02-15 19:19:40 App is up to date.
2026-02-15 20:19:39 Checking for update using Github
2026-02-15 20:19:39 Success.
2026-02-15 20:19:39 Latest version is 1.11.7
2026-02-15 20:19:39 App is up to date.
2026-02-16 12:56:37 Loading updated app package /home/roazzolini/.config/obsidian/obsidian-1.11.7.asar
2026-02-16 12:56:38 Checking for update using Github
2026-02-16 12:56:39 Success.
2026-02-16 12:56:39 Latest version is 1.11.7
2026-02-16 12:56:39 App is up to date.
2026-02-16 13:56:37 Checking for update using Github
2026-02-16 13:56:37 Success.
2026-02-16 13:56:37 Latest version is 1.11.7
2026-02-16 13:56:37 App is up to date.
2026-02-16 14:56:37 Checking for update using Github
2026-02-16 14:56:37 Success.
2026-02-16 14:56:37 Latest version is 1.11.7
2026-02-16 14:56:37 App is up to date.
2026-02-16 15:56:37 Checking for update using Github
2026-02-16 15:56:38 Success.
2026-02-16 15:56:38 Latest version is 1.11.7
2026-02-16 15:56:38 App is up to date.
2026-02-16 16:56:37 Checking for update using Github
2026-02-16 16:56:37 Success.
2026-02-16 16:56:37 Latest version is 1.11.7
2026-02-16 16:56:37 App is up to date.
2026-02-16 17:56:37 Checking for update using Github
2026-02-16 17:56:38 Success.
2026-02-16 17:56:38 Latest version is 1.11.7
2026-02-16 17:56:38 App is up to date.
2026-02-16 18:56:37 Checking for update using Github
2026-02-16 18:56:38 Success.
2026-02-16 18:56:38 Latest version is 1.11.7
2026-02-16 18:56:38 App is up to date.
2026-02-16 19:56:37 Checking for update using Github
2026-02-16 19:56:38 Success.
2026-02-16 19:56:38 Latest version is 1.11.7
2026-02-16 19:56:38 App is up to date.
2026-02-16 20:56:37 Checking for update using Github
2026-02-16 20:56:38 Success.
2026-02-16 20:56:38 Latest version is 1.11.7
2026-02-16 20:56:38 App is up to date.
2026-02-18 12:26:10 Loading updated app package /home/roazzolini/.config/obsidian/obsidian-1.11.7.asar
2026-02-18 12:26:11 Checking for update using Github
2026-02-18 12:26:11 Success.
2026-02-18 12:26:11 Latest version is 1.11.7
2026-02-18 12:26:11 App is up to date.
2026-02-19 11:58:37 Loading updated app package /home/roazzolini/.config/obsidian/obsidian-1.11.7.asar
2026-02-19 11:58:38 Checking for update using Github
2026-02-19 11:58:39 Success.
2026-02-19 11:58:39 Latest version is 1.11.7
2026-02-19 11:58:39 App is up to date.
2026-02-19 11:58:45 Loading updated app package /home/roazzolini/.config/obsidian/obsidian-1.11.7.asar
2026-02-19 11:58:45 Checking for update using Github
2026-02-19 11:58:46 Success.
2026-02-19 11:58:46 Latest version is 1.11.7
2026-02-19 11:58:46 App is up to date.
2026-02-19 12:10:30 Checking for update using Github
2026-02-19 12:10:30 Success.
2026-02-19 12:10:30 Latest version is 1.11.7
2026-02-19 12:10:30 App is up to date.
2026-02-19 12:58:45 Checking for update using Github
2026-02-19 12:58:45 Success.
2026-02-19 12:58:45 Latest version is 1.11.7
2026-02-19 12:58:45 App is up to date.
2026-02-19 13:58:45 Checking for update using Github
2026-02-19 13:58:45 Success.
2026-02-19 13:58:45 Latest version is 1.11.7
2026-02-19 13:58:45 App is up to date.
2026-02-19 14:58:45 Checking for update using Github
2026-02-19 14:58:45 Success.
2026-02-19 14:58:45 Latest version is 1.11.7
2026-02-19 14:58:45 App is up to date.
2026-02-19 15:58:45 Checking for update using Github
2026-02-19 15:58:45 Success.
2026-02-19 15:58:45 Latest version is 1.11.7
2026-02-19 15:58:45 App is up to date.
2026-02-19 16:58:45 Checking for update using Github
2026-02-19 16:58:45 Success.
2026-02-19 16:58:45 Latest version is 1.11.7
2026-02-19 16:58:45 App is up to date.
2026-02-21 20:21:11 Loading updated app package /home/roazzolini/.config/obsidian/obsidian-1.11.7.asar
2026-02-21 20:21:12 Checking for update using Github
2026-02-21 20:21:13 Success.
2026-02-21 20:21:13 Latest version is 1.11.7
2026-02-21 20:21:13 App is up to date.
2026-02-25 18:35:11 Loading updated app package /home/roazzolini/.config/obsidian/obsidian-1.11.7.asar
2026-02-25 18:35:12 Checking for update using Github
2026-02-25 18:35:12 Success.
2026-02-25 18:35:12 Latest version is 1.11.7
2026-02-25 18:35:12 App is up to date.
2026-03-04 12:30:53 Loading updated app package /home/roazzolini/.config/obsidian/obsidian-1.11.7.asar
2026-03-04 12:30:54 Checking for update using Github
2026-03-04 12:30:55 Success.
2026-03-04 12:30:55 Latest version is 1.12.4
2026-03-04 12:30:55 Downloading update from https://github.com/obsidianmd/obsidian-releases/releases/download/v1.12.4/obsidian-1.12.4.asar.gz
2026-03-04 12:30:55 Verifying hash & signature. Size= 8322418
2026-03-04 12:30:55 Saving file
2026-03-04 12:30:56 Update complete.
2026-03-04 13:30:53 Checking for update using Github
2026-03-04 13:30:54 Success.
2026-03-04 13:30:54 Latest version is 1.12.4
2026-03-04 13:30:54 An update is already downloaded.
2026-03-04 14:30:53 Checking for update using Github
2026-03-04 14:30:53 Success.
2026-03-04 14:30:53 Latest version is 1.12.4
2026-03-04 14:30:53 An update is already downloaded.
2026-03-04 15:30:53 Checking for update using Github
2026-03-04 15:30:54 Success.
2026-03-04 15:30:54 Latest version is 1.12.4
2026-03-04 15:30:54 An update is already downloaded.
2026-03-04 16:30:53 Checking for update using Github
2026-03-04 16:30:54 Success.
2026-03-04 16:30:54 Latest version is 1.12.4
2026-03-04 16:30:54 An update is already downloaded.
2026-03-04 17:30:53 Checking for update using Github
2026-03-04 17:30:54 Success.
2026-03-04 17:30:54 Latest version is 1.12.4
2026-03-04 17:30:54 An update is already downloaded.
2026-03-04 18:30:53 Checking for update using Github
2026-03-04 18:30:54 Success.
2026-03-04 18:30:54 Latest version is 1.12.4
2026-03-04 18:30:54 An update is already downloaded.
2026-03-04 19:30:53 Checking for update using Github
2026-03-04 19:30:54 Success.
2026-03-04 19:30:54 Latest version is 1.12.4
2026-03-04 19:30:54 An update is already downloaded.
2026-03-04 22:33:25 Checking for update using Github
2026-03-04 22:33:26 Success.
2026-03-04 22:33:26 Latest version is 1.12.4
2026-03-04 22:33:26 An update is already downloaded.
2026-03-06 19:08:38 Loading updated app package /home/roazzolini/.config/obsidian/obsidian-1.12.4.asar
2026-03-06 19:08:39 Checking for update using Github
2026-03-06 19:08:40 Success.
2026-03-06 19:08:40 Latest version is 1.12.4
2026-03-06 19:08:40 App is up to date.
2026-03-06 20:08:38 Checking for update using Github
2026-03-06 20:08:39 Success.
2026-03-06 20:08:39 Latest version is 1.12.4
2026-03-06 20:08:39 App is up to date.
2026-03-06 21:08:38 Checking for update using Github
2026-03-06 21:08:39 Success.
2026-03-06 21:08:39 Latest version is 1.12.4
2026-03-06 21:08:39 App is up to date.
2026-03-06 22:08:38 Checking for update using Github
2026-03-06 22:08:39 Success.
2026-03-06 22:08:39 Latest version is 1.12.4
2026-03-06 22:08:39 App is up to date.
2026-03-07 16:12:35 Checking for update using Github
2026-03-07 16:12:36 Success.
2026-03-07 16:12:36 Latest version is 1.12.4
2026-03-07 16:12:36 App is up to date.
2026-03-17 09:16:55 Loading updated app package /home/roazzolini/.config/obsidian/obsidian-1.12.4.asar
2026-03-17 09:16:57 Checking for update using Github
2026-03-17 09:16:57 Success.
2026-03-17 09:16:57 Latest version is 1.12.4
2026-03-17 09:16:57 App is up to date.
2026-03-18 10:05:11 Loading updated app package /home/roazzolini/.config/obsidian/obsidian-1.12.4.asar
2026-03-18 10:05:12 Checking for update using Github
2026-03-18 10:05:12 Success.
2026-03-18 10:05:12 Latest version is 1.12.4
2026-03-18 10:05:12 App is up to date.
2026-03-21 14:35:36 Loading updated app package /home/roazzolini/.config/obsidian/obsidian-1.12.4.asar
2026-03-21 14:35:37 Checking for update using Github
2026-03-21 14:35:38 Success.
2026-03-21 14:35:38 Latest version is 1.12.4
2026-03-21 14:35:38 App is up to date.
2026-03-21 15:35:36 Checking for update using Github
2026-03-21 15:35:37 Success.
2026-03-21 15:35:37 Latest version is 1.12.4
2026-03-21 15:35:37 App is up to date.
2026-03-25 14:18:42 Loading updated app package /home/roazzolini/.config/obsidian/obsidian-1.12.4.asar
2026-03-25 14:18:43 Checking for update using Github
2026-03-25 14:18:44 Success.
2026-03-25 14:18:44 Latest version is 1.12.7
2026-03-25 14:18:44 Downloading update from https://github.com/obsidianmd/obsidian-releases/releases/download/v1.12.7/obsidian-1.12.7.asar.gz
2026-03-25 14:18:45 Verifying hash & signature. Size= 8323080
2026-03-25 14:18:45 Saving file
2026-03-25 14:18:46 Update complete.
2026-03-25 16:10:13 Checking for update using Github
2026-03-25 16:10:14 Success.
2026-03-25 16:10:14 Latest version is 1.12.7
2026-03-25 16:10:14 An update is already downloaded.
2026-03-25 21:01:03 Checking for update using Github
2026-03-25 21:01:04 Success.
2026-03-25 21:01:04 Latest version is 1.12.7
2026-03-25 21:01:04 An update is already downloaded.
2026-03-25 22:01:04 Checking for update using Github
2026-03-25 22:01:04 Success.
2026-03-25 22:01:04 Latest version is 1.12.7
2026-03-25 22:01:04 An update is already downloaded.
2026-03-25 23:01:04 Checking for update using Github
2026-03-25 23:01:04 Success.
2026-03-25 23:01:04 Latest version is 1.12.7
2026-03-25 23:01:04 An update is already downloaded.
2026-03-26 00:01:04 Checking for update using Github
2026-03-26 00:01:04 Success.
2026-03-26 00:01:04 Latest version is 1.12.7
2026-03-26 00:01:04 An update is already downloaded.
2026-03-26 01:03:46 Checking for update using Github
2026-03-26 01:03:46 Success.
2026-03-26 01:03:46 Latest version is 1.12.7
2026-03-26 01:03:46 An update is already downloaded.
2026-03-26 02:03:46 Checking for update using Github
2026-03-26 02:03:46 Success.
2026-03-26 02:03:46 Latest version is 1.12.7
2026-03-26 02:03:46 An update is already downloaded.
2026-03-26 03:03:46 Checking for update using Github
2026-03-26 03:03:46 Success.
2026-03-26 03:03:46 Latest version is 1.12.7
2026-03-26 03:03:46 An update is already downloaded.
2026-03-26 10:35:50 Loading updated app package /home/roazzolini/.config/obsidian/obsidian-1.12.7.asar
2026-03-26 10:35:51 Checking for update using Github
2026-03-26 10:35:51 Success.
2026-03-26 10:35:51 Latest version is 1.12.7
2026-03-26 10:35:51 App is up to date.
2026-03-31 17:39:55 Loading updated app package /home/roazzolini/.config/obsidian/obsidian-1.12.7.asar
2026-03-31 17:39:56 Checking for update using Github
2026-03-31 17:39:56 Success.
2026-03-31 17:39:56 Latest version is 1.12.7
2026-03-31 17:39:56 App is up to date.
2026-03-31 18:39:55 Checking for update using Github
2026-03-31 18:39:55 Success.
2026-03-31 18:39:55 Latest version is 1.12.7
2026-03-31 18:39:55 App is up to date.
2026-04-03 12:03:31 Loading updated app package /home/roazzolini/.config/obsidian/obsidian-1.12.7.asar
2026-04-03 12:03:32 Checking for update using Github
2026-04-03 12:03:32 Success.
2026-04-03 12:03:32 Latest version is 1.12.7
2026-04-03 12:03:32 App is up to date.
2026-04-05 12:46:22 Loading updated app package /home/roazzolini/.config/obsidian/obsidian-1.12.7.asar
2026-04-05 12:46:23 Checking for update using Github
2026-04-05 12:46:23 Success.
2026-04-05 12:46:23 Latest version is 1.12.7
2026-04-05 12:46:23 App is up to date.
2026-04-05 13:46:22 Checking for update using Github
2026-04-05 13:46:22 Success.
2026-04-05 13:46:22 Latest version is 1.12.7
2026-04-05 13:46:22 App is up to date.
2026-04-05 14:46:22 Checking for update using Github
2026-04-05 14:46:22 Success.
2026-04-05 14:46:22 Latest version is 1.12.7
2026-04-05 14:46:22 App is up to date.
2026-04-05 15:46:22 Checking for update using Github
2026-04-05 15:46:22 Success.
2026-04-05 15:46:22 Latest version is 1.12.7
2026-04-05 15:46:22 App is up to date.
2026-04-05 16:46:22 Checking for update using Github
2026-04-05 16:46:22 Success.
2026-04-05 16:46:22 Latest version is 1.12.7
2026-04-05 16:46:22 App is up to date.
2026-04-05 17:46:22 Checking for update using Github
2026-04-05 17:46:22 Success.
2026-04-05 17:46:22 Latest version is 1.12.7
2026-04-05 17:46:22 App is up to date.
2026-04-05 18:46:22 Checking for update using Github
2026-04-05 18:46:22 Success.
2026-04-05 18:46:22 Latest version is 1.12.7
2026-04-05 18:46:22 App is up to date.
2026-04-05 19:46:22 Checking for update using Github
2026-04-05 19:46:22 Success.
2026-04-05 19:46:22 Latest version is 1.12.7
2026-04-05 19:46:22 App is up to date.
2026-04-05 20:46:22 Checking for update using Github
2026-04-05 20:46:22 Success.
2026-04-05 20:46:22 Latest version is 1.12.7
2026-04-05 20:46:22 App is up to date.
2026-04-05 21:46:22 Checking for update using Github
2026-04-05 21:46:22 Success.
2026-04-05 21:46:22 Latest version is 1.12.7
2026-04-05 21:46:22 App is up to date.
2026-04-05 22:46:22 Checking for update using Github
2026-04-05 22:46:22 Success.
2026-04-05 22:46:22 Latest version is 1.12.7
2026-04-05 22:46:22 App is up to date.
2026-04-05 23:46:22 Checking for update using Github
2026-04-05 23:46:22 Success.
2026-04-05 23:46:22 Latest version is 1.12.7
2026-04-05 23:46:22 App is up to date.
2026-04-06 00:46:22 Checking for update using Github
2026-04-06 00:46:22 Success.
2026-04-06 00:46:22 Latest version is 1.12.7
2026-04-06 00:46:22 App is up to date.
2026-04-06 01:46:22 Checking for update using Github
2026-04-06 01:46:22 Success.
2026-04-06 01:46:22 Latest version is 1.12.7
2026-04-06 01:46:22 App is up to date.
2026-04-06 02:46:22 Checking for update using Github
2026-04-06 02:46:22 Success.
2026-04-06 02:46:22 Latest version is 1.12.7
2026-04-06 02:46:22 App is up to date.
2026-04-06 03:46:22 Checking for update using Github
2026-04-06 03:46:22 Success.
2026-04-06 03:46:22 Latest version is 1.12.7
2026-04-06 03:46:22 App is up to date.
2026-04-06 04:46:22 Checking for update using Github
2026-04-06 04:46:22 Success.
2026-04-06 04:46:22 Latest version is 1.12.7
2026-04-06 04:46:22 App is up to date.
2026-04-06 05:46:22 Checking for update using Github
2026-04-06 05:46:22 Success.
2026-04-06 05:46:22 Latest version is 1.12.7
2026-04-06 05:46:22 App is up to date.
2026-04-06 06:46:22 Checking for update using Github
2026-04-06 06:46:22 Success.
2026-04-06 06:46:22 Latest version is 1.12.7
2026-04-06 06:46:22 App is up to date.
2026-04-06 07:46:22 Checking for update using Github
2026-04-06 07:46:22 Success.
2026-04-06 07:46:22 Latest version is 1.12.7
2026-04-06 07:46:22 App is up to date.
2026-04-06 08:46:22 Checking for update using Github
2026-04-06 08:46:22 Success.
2026-04-06 08:46:22 Latest version is 1.12.7
2026-04-06 08:46:22 App is up to date.
2026-04-06 09:46:22 Checking for update using Github
2026-04-06 09:46:22 Success.
2026-04-06 09:46:22 Latest version is 1.12.7
2026-04-06 09:46:22 App is up to date.
2026-04-06 17:45:56 Checking for update using Github
2026-04-06 17:45:56 Success.
2026-04-06 17:45:56 Latest version is 1.12.7
2026-04-06 17:45:56 App is up to date.
2026-04-06 18:45:56 Checking for update using Github
2026-04-06 18:45:56 Success.
2026-04-06 18:45:56 Latest version is 1.12.7
2026-04-06 18:45:56 App is up to date.
2026-04-06 19:45:56 Checking for update using Github
2026-04-06 19:45:56 Success.
2026-04-06 19:45:56 Latest version is 1.12.7
2026-04-06 19:45:56 App is up to date.
2026-04-06 20:45:56 Checking for update using Github
2026-04-06 20:45:56 Success.
2026-04-06 20:45:56 Latest version is 1.12.7
2026-04-06 20:45:56 App is up to date.
2026-04-06 21:45:56 Checking for update using Github
2026-04-06 21:45:56 Success.
2026-04-06 21:45:56 Latest version is 1.12.7
2026-04-06 21:45:56 App is up to date.
2026-04-06 22:45:56 Checking for update using Github
2026-04-06 22:45:56 Success.
2026-04-06 22:45:56 Latest version is 1.12.7
2026-04-06 22:45:56 App is up to date.
2026-04-06 23:45:56 Checking for update using Github
2026-04-06 23:45:56 Success.
2026-04-06 23:45:56 Latest version is 1.12.7
2026-04-06 23:45:56 App is up to date.
2026-04-07 00:45:56 Checking for update using Github
2026-04-07 00:45:56 Success.
2026-04-07 00:45:56 Latest version is 1.12.7
2026-04-07 00:45:56 App is up to date.
2026-04-07 01:45:56 Checking for update using Github
2026-04-07 01:45:56 Success.
2026-04-07 01:45:56 Latest version is 1.12.7
2026-04-07 01:45:56 App is up to date.
2026-04-07 02:45:56 Checking for update using Github
2026-04-07 02:45:56 Success.
2026-04-07 02:45:56 Latest version is 1.12.7
2026-04-07 02:45:56 App is up to date.
2026-04-07 03:45:56 Checking for update using Github
2026-04-07 03:45:56 Success.
2026-04-07 03:45:56 Latest version is 1.12.7
2026-04-07 03:45:56 App is up to date.
2026-04-07 04:45:56 Checking for update using Github
2026-04-07 04:45:56 Success.
2026-04-07 04:45:56 Latest version is 1.12.7
2026-04-07 04:45:56 App is up to date.
2026-04-07 05:45:56 Checking for update using Github
2026-04-07 05:45:56 Success.
2026-04-07 05:45:56 Latest version is 1.12.7
2026-04-07 05:45:56 App is up to date.
2026-04-07 06:45:56 Checking for update using Github
2026-04-07 06:45:56 Success.
2026-04-07 06:45:56 Latest version is 1.12.7
2026-04-07 06:45:56 App is up to date.
2026-04-07 07:45:56 Checking for update using Github
2026-04-07 07:45:56 Success.
2026-04-07 07:45:56 Latest version is 1.12.7
2026-04-07 07:45:56 App is up to date.
2026-04-07 08:45:56 Checking for update using Github
2026-04-07 08:45:56 Success.
2026-04-07 08:45:56 Latest version is 1.12.7
2026-04-07 08:45:56 App is up to date.
2026-04-07 09:45:56 Checking for update using Github
2026-04-07 09:45:56 Success.
2026-04-07 09:45:56 Latest version is 1.12.7
2026-04-07 09:45:56 App is up to date.
2026-04-07 10:45:56 Checking for update using Github
2026-04-07 10:45:56 Success.
2026-04-07 10:45:56 Latest version is 1.12.7
2026-04-07 10:45:56 App is up to date.
2026-04-07 11:45:56 Checking for update using Github
2026-04-07 11:45:56 Success.
2026-04-07 11:45:56 Latest version is 1.12.7
2026-04-07 11:45:56 App is up to date.
2026-04-07 18:02:34 Loading updated app package /home/roazzolini/.config/obsidian/obsidian-1.12.7.asar
2026-04-07 18:02:35 Checking for update using Github
2026-04-07 18:02:36 Success.
2026-04-07 18:02:36 Latest version is 1.12.7
2026-04-07 18:02:36 App is up to date.
2026-04-07 20:44:32 Checking for update using Github
2026-04-07 20:44:33 Success.
2026-04-07 20:44:33 Latest version is 1.12.7
2026-04-07 20:44:33 App is up to date.
2026-04-07 21:44:32 Checking for update using Github
2026-04-07 21:44:33 Success.
2026-04-07 21:44:33 Latest version is 1.12.7
2026-04-07 21:44:33 App is up to date.
2026-04-07 22:44:32 Checking for update using Github
2026-04-07 22:44:33 Success.
2026-04-07 22:44:33 Latest version is 1.12.7
2026-04-07 22:44:33 App is up to date.
2026-04-08 10:26:30 Checking for update using Github
2026-04-08 10:26:31 Success.
2026-04-08 10:26:31 Latest version is 1.12.7
2026-04-08 10:26:31 App is up to date.
2026-04-08 11:26:30 Checking for update using Github
2026-04-08 11:26:31 Success.
2026-04-08 11:26:31 Latest version is 1.12.7
2026-04-08 11:26:31 App is up to date.
2026-04-08 12:26:30 Checking for update using Github
2026-04-08 12:26:31 Success.
2026-04-08 12:26:31 Latest version is 1.12.7
2026-04-08 12:26:31 App is up to date.
2026-04-08 12:35:42 Loading updated app package /home/roazzolini/.config/obsidian/obsidian-1.12.7.asar
2026-04-08 12:35:43 Checking for update using Github
2026-04-08 12:35:44 Success.
2026-04-08 12:35:44 Latest version is 1.12.7
2026-04-08 12:35:44 App is up to date.
2026-04-08 13:35:42 Checking for update using Github
2026-04-08 13:35:42 Success.
2026-04-08 13:35:42 Latest version is 1.12.7
2026-04-08 13:35:42 App is up to date.
2026-04-10 11:59:14 Checking for update using Github
2026-04-10 11:59:14 Success.
2026-04-10 11:59:14 Latest version is 1.12.7
2026-04-10 11:59:14 App is up to date.
2026-04-10 12:59:14 Checking for update using Github
2026-04-10 12:59:14 Success.
2026-04-10 12:59:14 Latest version is 1.12.7
2026-04-10 12:59:14 App is up to date.
2026-04-10 13:59:14 Checking for update using Github
2026-04-10 13:59:14 Success.
2026-04-10 13:59:14 Latest version is 1.12.7
2026-04-10 13:59:14 App is up to date.
2026-04-10 14:59:14 Checking for update using Github
2026-04-10 14:59:14 Success.
2026-04-10 14:59:14 Latest version is 1.12.7
2026-04-10 14:59:14 App is up to date.
2026-04-10 15:59:14 Checking for update using Github
2026-04-10 15:59:14 Success.
2026-04-10 15:59:14 Latest version is 1.12.7
2026-04-10 15:59:14 App is up to date.
2026-04-11 18:21:00 Checking for update using Github
2026-04-11 18:21:00 Success.
2026-04-11 18:21:00 Latest version is 1.12.7
2026-04-11 18:21:00 App is up to date.
2026-04-11 18:23:37 Loading updated app package /home/roazzolini/.config/obsidian/obsidian-1.12.7.asar
2026-04-11 18:23:38 Checking for update using Github
2026-04-11 18:23:38 Success.
2026-04-11 18:23:38 Latest version is 1.12.7
2026-04-11 18:23:38 App is up to date.
2026-04-11 19:23:37 Checking for update using Github
2026-04-11 19:23:37 Success.
2026-04-11 19:23:37 Latest version is 1.12.7
2026-04-11 19:23:37 App is up to date.
2026-04-11 20:23:37 Checking for update using Github
2026-04-11 20:23:37 Success.
2026-04-11 20:23:37 Latest version is 1.12.7
2026-04-11 20:23:37 App is up to date.
2026-04-11 21:23:37 Checking for update using Github
2026-04-11 21:23:37 Success.
2026-04-11 21:23:37 Latest version is 1.12.7
2026-04-11 21:23:37 App is up to date.
2026-04-12 12:33:50 Loading updated app package /home/roazzolini/.config/obsidian/obsidian-1.12.7.asar
2026-04-12 12:33:51 Checking for update using Github
2026-04-12 12:33:52 Success.
2026-04-12 12:33:52 Latest version is 1.12.7
2026-04-12 12:33:52 App is up to date.
2026-04-14 20:28:53 Loading updated app package /home/roazzolini/.config/obsidian/obsidian-1.12.7.asar
2026-04-14 20:28:54 Checking for update using Github
2026-04-14 20:28:55 Success.
2026-04-14 20:28:55 Latest version is 1.12.7
2026-04-14 20:28:55 App is up to date.
2026-04-14 21:28:53 Checking for update using Github
2026-04-14 21:28:53 Success.
2026-04-14 21:28:53 Latest version is 1.12.7
2026-04-14 21:28:53 App is up to date.
2026-04-14 22:28:53 Checking for update using Github
2026-04-14 22:28:53 Success.
2026-04-14 22:28:53 Latest version is 1.12.7
2026-04-14 22:28:53 App is up to date.
2026-04-15 13:20:22 Checking for update using Github
2026-04-15 13:20:22 Success.
2026-04-15 13:20:22 Latest version is 1.12.7
2026-04-15 13:20:22 App is up to date.
2026-04-15 14:20:22 Checking for update using Github
2026-04-15 14:20:22 Success.
2026-04-15 14:20:22 Latest version is 1.12.7
2026-04-15 14:20:22 App is up to date.
2026-04-15 15:20:22 Checking for update using Github
2026-04-15 15:20:22 Success.
2026-04-15 15:20:22 Latest version is 1.12.7
2026-04-15 15:20:22 App is up to date.
2026-04-16 14:37:36 Loading updated app package /home/roazzolini/.config/obsidian/obsidian-1.12.7.asar
2026-04-16 14:37:37 Checking for update using Github
2026-04-16 14:37:38 Success.
2026-04-16 14:37:38 Latest version is 1.12.7
2026-04-16 14:37:38 App is up to date.
2026-04-16 14:38:34 Loading updated app package /home/roazzolini/.config/obsidian/obsidian-1.12.7.asar
2026-04-16 14:38:35 Checking for update using Github
2026-04-16 14:38:35 Success.
2026-04-16 14:38:35 Latest version is 1.12.7
2026-04-16 14:38:35 App is up to date.
2026-04-16 14:39:02 Loading updated app package /home/roazzolini/.config/obsidian/obsidian-1.12.7.asar
2026-04-16 14:39:03 Checking for update using Github
2026-04-16 14:39:03 Success.
2026-04-16 14:39:03 Latest version is 1.12.7
2026-04-16 14:39:03 App is up to date.
2026-04-16 15:39:02 Checking for update using Github
2026-04-16 15:39:02 Success.
2026-04-16 15:39:02 Latest version is 1.12.7
2026-04-16 15:39:02 App is up to date.
2026-04-21 19:23:36 Loading updated app package /home/roazzolini/.config/obsidian/obsidian-1.12.7.asar
2026-04-21 19:23:37 Checking for update using Github
2026-04-21 19:23:38 Success.
2026-04-21 19:23:38 Latest version is 1.12.7
2026-04-21 19:23:38 App is up to date.
2026-04-21 19:56:38 Loading updated app package /home/roazzolini/.config/obsidian/obsidian-1.12.7.asar
2026-04-21 19:56:39 Checking for update using Github
2026-04-21 19:56:40 Success.
2026-04-21 19:56:40 Latest version is 1.12.7
2026-04-21 19:56:40 App is up to date.
2026-04-21 22:30:53 Loading updated app package /home/roazzolini/.config/obsidian/obsidian-1.12.7.asar
2026-04-21 22:30:54 Checking for update using Github
2026-04-21 22:30:55 Success.
2026-04-21 22:30:55 Latest version is 1.12.7
2026-04-21 22:30:55 App is up to date.
2026-04-21 23:30:53 Checking for update using Github
2026-04-21 23:30:53 Success.
2026-04-21 23:30:53 Latest version is 1.12.7
2026-04-21 23:30:53 App is up to date.
2026-04-22 00:30:53 Checking for update using Github
2026-04-22 00:30:53 Success.
2026-04-22 00:30:53 Latest version is 1.12.7
2026-04-22 00:30:53 App is up to date.
2026-04-22 11:37:27 Checking for update using Github
2026-04-22 11:37:28 Success.
2026-04-22 11:37:28 Latest version is 1.12.7
2026-04-22 11:37:28 App is up to date.
2026-04-22 12:37:27 Checking for update using Github
2026-04-22 12:37:28 Success.
2026-04-22 12:37:28 Latest version is 1.12.7
2026-04-22 12:37:28 App is up to date.
2026-04-22 13:37:27 Checking for update using Github
2026-04-22 13:37:28 Success.
2026-04-22 13:37:28 Latest version is 1.12.7
2026-04-22 13:37:28 App is up to date.
2026-04-22 14:37:27 Checking for update using Github
2026-04-22 14:37:28 Success.
2026-04-22 14:37:28 Latest version is 1.12.7
2026-04-22 14:37:28 App is up to date.
2026-04-22 15:37:27 Checking for update using Github
2026-04-22 15:37:28 Success.
2026-04-22 15:37:28 Latest version is 1.12.7
2026-04-22 15:37:28 App is up to date.
2026-04-23 21:30:02 Loading updated app package /home/roazzolini/.config/obsidian/obsidian-1.12.7.asar
2026-04-23 21:30:03 Checking for update using Github
2026-04-23 21:30:04 Success.
2026-04-23 21:30:04 Latest version is 1.12.7
2026-04-23 21:30:04 App is up to date.
2026-04-23 22:30:02 Checking for update using Github
2026-04-23 22:30:02 Success.
2026-04-23 22:30:02 Latest version is 1.12.7
2026-04-23 22:30:02 App is up to date.
2026-04-23 23:30:02 Checking for update using Github
2026-04-23 23:30:02 Success.
2026-04-23 23:30:02 Latest version is 1.12.7
2026-04-23 23:30:02 App is up to date.
2026-04-24 00:30:02 Checking for update using Github
2026-04-24 00:30:02 Success.
2026-04-24 00:30:02 Latest version is 1.12.7
2026-04-24 00:30:02 App is up to date.
2026-04-24 01:30:02 Checking for update using Github
2026-04-24 01:30:02 Success.
2026-04-24 01:30:02 Latest version is 1.12.7
2026-04-24 01:30:02 App is up to date.
2026-04-25 13:26:04 Loading updated app package /home/roazzolini/.config/obsidian/obsidian-1.12.7.asar
2026-04-25 13:26:05 Checking for update using Github
2026-04-25 13:26:05 Success.
2026-04-25 13:26:05 Latest version is 1.12.7
2026-04-25 13:26:05 App is up to date.
2026-04-25 14:26:04 Checking for update using Github
2026-04-25 14:26:04 Success.
2026-04-25 14:26:04 Latest version is 1.12.7
2026-04-25 14:26:04 App is up to date.
2026-04-25 15:26:04 Checking for update using Github
2026-04-25 15:26:04 Success.
2026-04-25 15:26:04 Latest version is 1.12.7
2026-04-25 15:26:04 App is up to date.
2026-04-25 16:26:04 Checking for update using Github
2026-04-25 16:26:04 Success.
2026-04-25 16:26:04 Latest version is 1.12.7
2026-04-25 16:26:04 App is up to date.
2026-04-25 17:26:04 Checking for update using Github
2026-04-25 17:26:04 Success.
2026-04-25 17:26:04 Latest version is 1.12.7
2026-04-25 17:26:04 App is up to date.
2026-04-25 18:26:04 Checking for update using Github
2026-04-25 18:26:04 Success.
2026-04-25 18:26:04 Latest version is 1.12.7
2026-04-25 18:26:04 App is up to date.
2026-04-25 19:26:04 Checking for update using Github
2026-04-25 19:26:04 Success.
2026-04-25 19:26:04 Latest version is 1.12.7
2026-04-25 19:26:04 App is up to date.
2026-04-25 20:26:04 Checking for update using Github
2026-04-25 20:26:04 Success.
2026-04-25 20:26:04 Latest version is 1.12.7
2026-04-25 20:26:04 App is up to date.
2026-04-25 21:26:04 Checking for update using Github
2026-04-25 21:26:04 Success.
2026-04-25 21:26:04 Latest version is 1.12.7
2026-04-25 21:26:04 App is up to date.
2026-04-25 22:26:04 Checking for update using Github
2026-04-25 22:26:04 Success.
2026-04-25 22:26:04 Latest version is 1.12.7
2026-04-25 22:26:04 App is up to date.
2026-04-25 23:26:04 Checking for update using Github
2026-04-25 23:26:04 Success.
2026-04-25 23:26:04 Latest version is 1.12.7
2026-04-25 23:26:04 App is up to date.
2026-04-26 00:26:04 Checking for update using Github
2026-04-26 00:26:04 Success.
2026-04-26 00:26:04 Latest version is 1.12.7
2026-04-26 00:26:04 App is up to date.
2026-04-26 01:26:04 Checking for update using Github
2026-04-26 01:26:04 Success.
2026-04-26 01:26:04 Latest version is 1.12.7
2026-04-26 01:26:04 App is up to date.
2026-04-26 02:26:04 Checking for update using Github
2026-04-26 02:26:04 Success.
2026-04-26 02:26:04 Latest version is 1.12.7
2026-04-26 02:26:04 App is up to date.
2026-04-26 03:26:04 Checking for update using Github
2026-04-26 03:26:04 Success.
2026-04-26 03:26:04 Latest version is 1.12.7
2026-04-26 03:26:04 App is up to date.
2026-04-26 04:26:04 Checking for update using Github
2026-04-26 04:26:04 Success.
2026-04-26 04:26:04 Latest version is 1.12.7
2026-04-26 04:26:04 App is up to date.
2026-04-26 05:26:04 Checking for update using Github
2026-04-26 05:26:04 Success.
2026-04-26 05:26:04 Latest version is 1.12.7
2026-04-26 05:26:04 App is up to date.
2026-04-26 06:26:04 Checking for update using Github
2026-04-26 06:26:04 Success.
2026-04-26 06:26:04 Latest version is 1.12.7
2026-04-26 06:26:04 App is up to date.
2026-04-26 07:26:04 Checking for update using Github
2026-04-26 07:26:04 Success.
2026-04-26 07:26:04 Latest version is 1.12.7
2026-04-26 07:26:04 App is up to date.
2026-04-26 08:26:04 Checking for update using Github
2026-04-26 08:26:04 Success.
2026-04-26 08:26:04 Latest version is 1.12.7
2026-04-26 08:26:04 App is up to date.
2026-04-26 09:26:04 Checking for update using Github
2026-04-26 09:26:04 Success.
2026-04-26 09:26:04 Latest version is 1.12.7
2026-04-26 09:26:04 App is up to date.
2026-04-26 10:26:04 Checking for update using Github
2026-04-26 10:26:04 Success.
2026-04-26 10:26:04 Latest version is 1.12.7
2026-04-26 10:26:04 App is up to date.
2026-04-26 11:26:04 Checking for update using Github
2026-04-26 11:26:04 Success.
2026-04-26 11:26:04 Latest version is 1.12.7
2026-04-26 11:26:04 App is up to date.
2026-04-26 12:26:04 Checking for update using Github
2026-04-26 12:26:04 Success.
2026-04-26 12:26:04 Latest version is 1.12.7
2026-04-26 12:26:04 App is up to date.
2026-04-26 13:26:04 Checking for update using Github
2026-04-26 13:26:04 Success.
2026-04-26 13:26:04 Latest version is 1.12.7
2026-04-26 13:26:04 App is up to date.
2026-04-26 14:26:04 Checking for update using Github
2026-04-26 14:26:04 Success.
2026-04-26 14:26:04 Latest version is 1.12.7
2026-04-26 14:26:04 App is up to date.
2026-04-26 15:26:04 Checking for update using Github
2026-04-26 15:26:04 Success.
2026-04-26 15:26:04 Latest version is 1.12.7
2026-04-26 15:26:04 App is up to date.
2026-04-26 16:26:04 Checking for update using Github
2026-04-26 16:26:04 Success.
2026-04-26 16:26:04 Latest version is 1.12.7
2026-04-26 16:26:04 App is up to date.
2026-04-26 17:26:04 Checking for update using Github
2026-04-26 17:26:04 Success.
2026-04-26 17:26:04 Latest version is 1.12.7
2026-04-26 17:26:04 App is up to date.
2026-04-26 18:26:04 Checking for update using Github
2026-04-26 18:26:04 Success.
2026-04-26 18:26:04 Latest version is 1.12.7
2026-04-26 18:26:04 App is up to date.
2026-04-27 12:05:08 Loading updated app package /home/roazzolini/.config/obsidian/obsidian-1.12.7.asar
2026-04-27 12:05:09 Checking for update using Github
2026-04-27 12:05:10 Success.
2026-04-27 12:05:10 Latest version is 1.12.7
2026-04-27 12:05:10 App is up to date.
2026-04-27 13:44:18 Checking for update using Github
2026-04-27 13:44:18 Success.
2026-04-27 13:44:18 Latest version is 1.12.7
2026-04-27 13:44:18 App is up to date.
2026-04-27 14:50:18 Checking for update using Github
2026-04-27 14:50:18 Success.
2026-04-27 14:50:18 Latest version is 1.12.7
2026-04-27 14:50:18 App is up to date.
2026-04-28 22:03:02 Loading updated app package /home/roazzolini/.config/obsidian/obsidian-1.12.7.asar
2026-04-28 22:03:03 Checking for update using Github
2026-04-28 22:03:03 Success.
2026-04-28 22:03:03 Latest version is 1.12.7
2026-04-28 22:03:03 App is up to date.
2026-04-30 12:05:56 Checking for update using Github
2026-04-30 12:05:56 Success.
2026-04-30 12:05:56 Latest version is 1.12.7
2026-04-30 12:05:56 App is up to date.
2026-05-01 16:52:17 Loading updated app package /home/roazzolini/.config/obsidian/obsidian-1.12.7.asar
2026-05-01 16:52:18 Checking for update using Github
2026-05-01 16:52:18 Success.
2026-05-01 16:52:18 Latest version is 1.12.7
2026-05-01 16:52:18 App is up to date.
2026-05-01 19:14:37 Checking for update using Github
2026-05-01 19:14:37 Success.
2026-05-01 19:14:37 Latest version is 1.12.7
2026-05-01 19:14:37 App is up to date.
2026-05-02 12:34:35 Checking for update using Github
2026-05-02 12:34:35 Success.
2026-05-02 12:34:35 Latest version is 1.12.7
2026-05-02 12:34:35 App is up to date.
2026-05-03 19:49:24 Loading updated app package /home/roazzolini/.config/obsidian/obsidian-1.12.7.asar
2026-05-03 19:49:25 Checking for update using Github
2026-05-03 19:49:26 Success.
2026-05-03 19:49:26 Latest version is 1.12.7
2026-05-03 19:49:26 App is up to date.
2026-05-03 20:00:13 Loading updated app package /home/roazzolini/.config/obsidian/obsidian-1.12.7.asar
2026-05-03 20:00:14 Checking for update using Github
2026-05-03 20:00:15 Success.
2026-05-03 20:00:15 Latest version is 1.12.7
2026-05-03 20:00:15 App is up to date.
2026-05-03 21:00:14 Checking for update using Github
2026-05-03 21:00:14 Success.
2026-05-03 21:00:14 Latest version is 1.12.7
2026-05-03 21:00:14 App is up to date.
2026-05-03 22:00:14 Checking for update using Github
2026-05-03 22:00:14 Success.
2026-05-03 22:00:14 Latest version is 1.12.7
2026-05-03 22:00:14 App is up to date.
2026-05-03 23:00:14 Checking for update using Github
2026-05-03 23:00:14 Success.
2026-05-03 23:00:14 Latest version is 1.12.7
2026-05-03 23:00:14 App is up to date.
2026-05-04 00:00:14 Checking for update using Github
2026-05-04 00:00:14 Success.
2026-05-04 00:00:14 Latest version is 1.12.7
2026-05-04 00:00:14 App is up to date.
2026-05-04 14:03:32 Checking for update using Github
2026-05-04 14:03:32 Success.
2026-05-04 14:03:32 Latest version is 1.12.7
2026-05-04 14:03:32 App is up to date.
2026-05-04 15:03:31 Checking for update using Github
2026-05-04 15:03:32 Success.
2026-05-04 15:03:32 Latest version is 1.12.7
2026-05-04 15:03:32 App is up to date.
2026-05-04 16:03:31 Checking for update using Github
2026-05-04 16:03:31 Success.
2026-05-04 16:03:31 Latest version is 1.12.7
2026-05-04 16:03:31 App is up to date.
2026-05-04 18:25:32 Checking for update using Github
2026-05-04 18:25:32 Success.
2026-05-04 18:25:32 Latest version is 1.12.7
2026-05-04 18:25:32 App is up to date.
2026-05-04 19:25:32 Checking for update using Github
2026-05-04 19:25:32 Success.
2026-05-04 19:25:32 Latest version is 1.12.7
2026-05-04 19:25:32 App is up to date.
2026-05-04 20:25:32 Checking for update using Github
2026-05-04 20:25:32 Success.
2026-05-04 20:25:32 Latest version is 1.12.7
2026-05-04 20:25:32 App is up to date.
2026-05-04 21:25:32 Checking for update using Github
2026-05-04 21:25:32 Success.
2026-05-04 21:25:32 Latest version is 1.12.7
2026-05-04 21:25:32 App is up to date.
2026-05-04 22:25:32 Checking for update using Github
2026-05-04 22:25:32 Success.
2026-05-04 22:25:32 Latest version is 1.12.7
2026-05-04 22:25:32 App is up to date.
2026-05-04 23:25:32 Checking for update using Github
2026-05-04 23:25:32 Success.
2026-05-04 23:25:32 Latest version is 1.12.7
2026-05-04 23:25:32 App is up to date.
2026-05-05 00:25:32 Checking for update using Github
2026-05-05 00:25:32 Success.
2026-05-05 00:25:32 Latest version is 1.12.7
2026-05-05 00:25:32 App is up to date.
2026-05-06 13:53:41 Checking for update using Github
2026-05-06 13:53:41 Success.
2026-05-06 13:53:41 Latest version is 1.12.7
2026-05-06 13:53:41 App is up to date.
2026-05-06 13:53:48 Loading updated app package /home/roazzolini/.config/obsidian/obsidian-1.12.7.asar
2026-05-06 14:53:41 Checking for update using Github
2026-05-06 14:53:41 Success.
2026-05-06 14:53:41 Latest version is 1.12.7
2026-05-06 14:53:41 App is up to date.
2026-05-06 15:53:41 Checking for update using Github
2026-05-06 15:53:41 Success.
2026-05-06 15:53:41 Latest version is 1.12.7
2026-05-06 15:53:41 App is up to date.
2026-05-07 23:47:36 Loading updated app package /home/roazzolini/.config/obsidian/obsidian-1.12.7.asar
2026-05-07 23:47:36 Checking for update using Github
2026-05-07 23:47:37 Success.
2026-05-07 23:47:37 Latest version is 1.12.7
2026-05-07 23:47:37 App is up to date.
2026-05-09 15:26:04 Loading updated app package /home/roazzolini/.config/obsidian/obsidian-1.12.7.asar
2026-05-09 15:26:05 Checking for update using Github
2026-05-09 15:26:05 Success.
2026-05-09 15:26:05 Latest version is 1.12.7
2026-05-09 15:26:05 App is up to date.
2026-05-11 19:27:47 Loading updated app package /home/roazzolini/.config/obsidian/obsidian-1.12.7.asar
2026-05-11 19:27:48 Checking for update using Github
2026-05-11 19:27:49 Success.
2026-05-11 19:27:49 Latest version is 1.12.7
2026-05-11 19:27:49 App is up to date.
2026-05-12 13:44:58 Loading updated app package /home/roazzolini/.config/obsidian/obsidian-1.12.7.asar
2026-05-12 13:44:59 Checking for update using Github
2026-05-12 13:44:59 Success.
2026-05-12 13:44:59 Latest version is 1.12.7
2026-05-12 13:44:59 App is up to date.
2026-05-12 14:44:58 Checking for update using Github
2026-05-12 14:44:58 Success.
2026-05-12 14:44:58 Latest version is 1.12.7
2026-05-12 14:44:58 App is up to date.
2026-05-12 16:19:05 Checking for update using Github
2026-05-12 16:19:05 Success.
2026-05-12 16:19:05 Latest version is 1.12.7
2026-05-12 16:19:05 App is up to date.
2026-05-12 18:13:49 Checking for update using Github
2026-05-12 18:13:50 Success.
2026-05-12 18:13:50 Latest version is 1.12.7
2026-05-12 18:13:50 App is up to date.
2026-05-13 14:31:18 Loading updated app package /home/roazzolini/.config/obsidian/obsidian-1.12.7.asar
2026-05-13 14:31:19 Checking for update using Github
2026-05-13 14:31:20 Success.
2026-05-13 14:31:20 Latest version is 1.12.7
2026-05-13 14:31:20 App is up to date.
2026-05-13 16:51:08 Loading updated app package /home/roazzolini/.config/obsidian/obsidian-1.12.7.asar
2026-05-13 16:51:09 Checking for update using Github
2026-05-13 16:51:10 Success.
2026-05-13 16:51:10 Latest version is 1.12.7
2026-05-13 16:51:10 App is up to date.
2026-05-13 20:55:28 Loading updated app package /home/roazzolini/.config/obsidian/obsidian-1.12.7.asar
2026-05-13 20:55:29 Checking for update using Github
2026-05-13 20:55:29 Success.
2026-05-13 20:55:29 Latest version is 1.12.7
2026-05-13 20:55:29 App is up to date.
2026-05-13 21:55:28 Checking for update using Github
2026-05-13 21:55:29 Success.
2026-05-13 21:55:29 Latest version is 1.12.7
2026-05-13 21:55:29 App is up to date.
2026-05-16 16:56:26 Loading updated app package /home/roazzolini/.config/obsidian/obsidian-1.12.7.asar
2026-05-16 16:56:27 Checking for update using Github
2026-05-16 16:56:28 Success.
2026-05-16 16:56:28 Latest version is 1.12.7
2026-05-16 16:56:28 App is up to date.
2026-05-16 17:56:26 Checking for update using Github
2026-05-16 17:56:26 Success.
2026-05-16 17:56:26 Latest version is 1.12.7
2026-05-16 17:56:26 App is up to date.
2026-05-17 18:41:47 Loading updated app package /home/roazzolini/.config/obsidian/obsidian-1.12.7.asar
2026-05-17 18:41:48 Checking for update using Github
2026-05-17 18:41:49 Success.
2026-05-17 18:41:49 Latest version is 1.12.7
2026-05-17 18:41:49 App is up to date.
2026-05-18 18:05:36 Loading updated app package /home/roazzolini/.config/obsidian/obsidian-1.12.7.asar
2026-05-18 18:05:37 Checking for update using Github
2026-05-18 18:05:38 Success.
2026-05-18 18:05:38 Latest version is 1.12.7
2026-05-18 18:05:38 App is up to date.
2026-05-18 19:05:36 Checking for update using Github
2026-05-18 19:05:36 Success.
2026-05-18 19:05:36 Latest version is 1.12.7
2026-05-18 19:05:36 App is up to date.
2026-05-18 20:05:36 Checking for update using Github
2026-05-18 20:05:36 Success.
2026-05-18 20:05:36 Latest version is 1.12.7
2026-05-18 20:05:36 App is up to date.
2026-05-18 21:05:36 Checking for update using Github
2026-05-18 21:05:36 Success.
2026-05-18 21:05:36 Latest version is 1.12.7
2026-05-18 21:05:36 App is up to date.
2026-05-18 22:05:36 Checking for update using Github
2026-05-18 22:05:36 Success.
2026-05-18 22:05:36 Latest version is 1.12.7
2026-05-18 22:05:36 App is up to date.
2026-05-18 23:05:36 Checking for update using Github
2026-05-18 23:05:36 Success.
2026-05-18 23:05:36 Latest version is 1.12.7
2026-05-18 23:05:36 App is up to date.
2026-05-19 00:05:36 Checking for update using Github
2026-05-19 00:05:36 Success.
2026-05-19 00:05:36 Latest version is 1.12.7
2026-05-19 00:05:36 App is up to date.
2026-05-19 01:05:36 Checking for update using Github
2026-05-19 01:05:36 Success.
2026-05-19 01:05:36 Latest version is 1.12.7
2026-05-19 01:05:36 App is up to date.
2026-05-19 02:05:36 Checking for update using Github
2026-05-19 02:05:36 Success.
2026-05-19 02:05:36 Latest version is 1.12.7
2026-05-19 02:05:36 App is up to date.
2026-05-19 03:05:36 Checking for update using Github
2026-05-19 03:05:36 Success.
2026-05-19 03:05:36 Latest version is 1.12.7
2026-05-19 03:05:36 App is up to date.
2026-05-19 04:05:36 Checking for update using Github
2026-05-19 04:05:36 Success.
2026-05-19 04:05:36 Latest version is 1.12.7
2026-05-19 04:05:36 App is up to date.
2026-05-19 05:05:36 Checking for update using Github
2026-05-19 05:05:36 Success.
2026-05-19 05:05:36 Latest version is 1.12.7
2026-05-19 05:05:36 App is up to date.
2026-05-19 06:05:36 Checking for update using Github
2026-05-19 06:05:36 Success.
2026-05-19 06:05:36 Latest version is 1.12.7
2026-05-19 06:05:36 App is up to date.
2026-05-19 07:05:36 Checking for update using Github
2026-05-19 07:05:36 Success.
2026-05-19 07:05:36 Latest version is 1.12.7
2026-05-19 07:05:36 App is up to date.
2026-05-19 08:05:36 Checking for update using Github
2026-05-19 08:05:36 Success.
2026-05-19 08:05:36 Latest version is 1.12.7
2026-05-19 08:05:36 App is up to date.
2026-05-19 09:05:36 Checking for update using Github
2026-05-19 09:05:36 Success.
2026-05-19 09:05:36 Latest version is 1.12.7
2026-05-19 09:05:36 App is up to date.
2026-05-19 10:05:36 Checking for update using Github
2026-05-19 10:05:36 Success.
2026-05-19 10:05:36 Latest version is 1.12.7
2026-05-19 10:05:36 App is up to date.
2026-05-20 11:25:29 Loading updated app package /home/roazzolini/.config/obsidian/obsidian-1.12.7.asar
2026-05-20 11:25:29 Checking for update using Github
2026-05-20 11:25:30 Success.
2026-05-20 11:25:30 Latest version is 1.12.7
2026-05-20 11:25:30 App is up to date.
2026-05-20 12:25:29 Checking for update using Github
2026-05-20 12:25:29 Success.
2026-05-20 12:25:29 Latest version is 1.12.7
2026-05-20 12:25:29 App is up to date.
2026-05-20 13:43:51 Checking for update using Github
2026-05-20 13:43:51 Success.
2026-05-20 13:43:51 Latest version is 1.12.7
2026-05-20 13:43:51 App is up to date.
2026-05-23 11:51:11 Loading updated app package /home/roazzolini/.config/obsidian/obsidian-1.12.7.asar
2026-05-23 11:51:12 Checking for update using Github
2026-05-23 11:51:12 Success.
2026-05-23 11:51:12 Latest version is 1.12.7
2026-05-23 11:51:12 App is up to date.
2026-05-23 12:52:10 Checking for update using Github
2026-05-23 12:52:10 Success.
2026-05-23 12:52:10 Latest version is 1.12.7
2026-05-23 12:52:10 App is up to date.
2026-05-23 13:52:10 Checking for update using Github
2026-05-23 13:52:10 Success.
2026-05-23 13:52:10 Latest version is 1.12.7
2026-05-23 13:52:10 App is up to date.
2026-05-23 14:52:10 Checking for update using Github
2026-05-23 14:52:10 Success.
2026-05-23 14:52:10 Latest version is 1.12.7
2026-05-23 14:52:10 App is up to date.
2026-05-23 15:52:10 Checking for update using Github
2026-05-23 15:52:10 Success.
2026-05-23 15:52:10 Latest version is 1.12.7
2026-05-23 15:52:10 App is up to date.
2026-05-24 12:25:27 Checking for update using Github
2026-05-24 12:25:28 Success.
2026-05-24 12:25:28 Latest version is 1.12.7
2026-05-24 12:25:28 App is up to date.
2026-05-24 13:26:56 Checking for update using Github
2026-05-24 13:26:57 Success.
2026-05-24 13:26:57 Latest version is 1.12.7
2026-05-24 13:26:57 App is up to date.
2026-05-24 14:26:56 Checking for update using Github
2026-05-24 14:26:57 Success.
2026-05-24 14:26:57 Latest version is 1.12.7
2026-05-24 14:26:57 App is up to date.
2026-05-24 15:26:56 Checking for update using Github
2026-05-24 15:26:57 Success.
2026-05-24 15:26:57 Latest version is 1.12.7
2026-05-24 15:26:57 App is up to date.
2026-05-24 16:26:56 Checking for update using Github
2026-05-24 16:26:57 Success.
2026-05-24 16:26:57 Latest version is 1.12.7
2026-05-24 16:26:57 App is up to date.
2026-05-24 17:26:56 Checking for update using Github
2026-05-24 17:26:58 Success.
2026-05-24 17:26:58 Latest version is 1.12.7
2026-05-24 17:26:58 App is up to date.
2026-05-24 18:26:56 Checking for update using Github
2026-05-24 18:26:57 Success.
2026-05-24 18:26:57 Latest version is 1.12.7
2026-05-24 18:26:57 App is up to date.
2026-05-25 17:29:49 Checking for update using Github
2026-05-25 17:29:51 Success.
2026-05-25 17:29:51 Latest version is 1.12.7
2026-05-25 17:29:51 App is up to date.
2026-05-26 17:39:11 Checking for update using Github
2026-05-26 17:39:12 Success.
2026-05-26 17:39:12 Latest version is 1.12.7
2026-05-26 17:39:12 App is up to date.
2026-05-26 18:39:11 Checking for update using Github
2026-05-26 18:39:12 Success.
2026-05-26 18:39:12 Latest version is 1.12.7
2026-05-26 18:39:12 App is up to date.
2026-05-28 13:06:26 Loading updated app package /home/roazzolini/.config/obsidian/obsidian-1.12.7.asar
2026-05-28 13:06:27 Checking for update using Github
2026-05-28 13:06:28 Success.
2026-05-28 13:06:28 Latest version is 1.12.7
2026-05-28 13:06:28 App is up to date.
2026-05-28 22:47:24 Loading updated app package /home/roazzolini/.config/obsidian/obsidian-1.12.7.asar
2026-05-28 22:47:25 Checking for update using Github
2026-05-28 22:47:25 Success.
2026-05-28 22:47:25 Latest version is 1.12.7
2026-05-28 22:47:25 App is up to date.
2026-05-28 23:47:24 Checking for update using Github
2026-05-28 23:47:24 Success.
2026-05-28 23:47:24 Latest version is 1.12.7
2026-05-28 23:47:24 App is up to date.
2026-05-29 13:31:25 Checking for update using Github
2026-05-29 13:31:25 Success.
2026-05-29 13:31:25 Latest version is 1.12.7
2026-05-29 13:31:25 App is up to date.
2026-05-31 13:29:37 Loading updated app package /home/roazzolini/.config/obsidian/obsidian-1.12.7.asar
2026-05-31 13:29:38 Checking for update using Github
2026-05-31 13:29:39 Success.
2026-05-31 13:29:39 Latest version is 1.12.7
2026-05-31 13:29:39 App is up to date.
2026-05-31 14:29:37 Checking for update using Github
2026-05-31 14:29:37 Success.
2026-05-31 14:29:37 Latest version is 1.12.7
2026-05-31 14:29:37 App is up to date.
2026-05-31 15:29:37 Checking for update using Github
2026-05-31 15:29:38 Success.
2026-05-31 15:29:38 Latest version is 1.12.7
2026-05-31 15:29:38 App is up to date.
2026-05-31 16:29:37 Checking for update using Github
2026-05-31 16:29:38 Success.
2026-05-31 16:29:38 Latest version is 1.12.7
2026-05-31 16:29:38 App is up to date.
2026-05-31 17:29:37 Checking for update using Github
2026-05-31 17:29:37 Success.
2026-05-31 17:29:37 Latest version is 1.12.7
2026-05-31 17:29:37 App is up to date.
2026-05-31 18:29:37 Checking for update using Github
2026-05-31 18:29:38 Success.
2026-05-31 18:29:38 Latest version is 1.12.7
2026-05-31 18:29:38 App is up to date.
2026-05-31 19:29:37 Checking for update using Github
2026-05-31 19:29:38 Success.
2026-05-31 19:29:38 Latest version is 1.12.7
2026-05-31 19:29:38 App is up to date.
2026-06-01 16:55:34 Checking for update using Github
2026-06-01 16:55:35 Success.
2026-06-01 16:55:35 Latest version is 1.12.7
2026-06-01 16:55:35 App is up to date.
2026-06-01 17:55:34 Checking for update using Github
2026-06-01 17:55:35 Success.
2026-06-01 17:55:35 Latest version is 1.12.7
2026-06-01 17:55:35 App is up to date.
2026-06-01 18:55:34 Checking for update using Github
2026-06-01 18:55:35 Success.
2026-06-01 18:55:35 Latest version is 1.12.7
2026-06-01 18:55:35 App is up to date.
2026-06-01 19:55:34 Checking for update using Github
2026-06-01 19:55:35 Success.
2026-06-01 19:55:35 Latest version is 1.12.7
2026-06-01 19:55:35 App is up to date.
2026-06-01 20:55:34 Checking for update using Github
2026-06-01 20:55:35 Success.
2026-06-01 20:55:35 Latest version is 1.12.7
2026-06-01 20:55:35 App is up to date.
2026-06-01 21:55:34 Checking for update using Github
2026-06-01 21:55:35 Success.
2026-06-01 21:55:35 Latest version is 1.12.7
2026-06-01 21:55:35 App is up to date.
2026-06-01 22:55:34 Checking for update using Github
2026-06-01 22:55:35 Success.
2026-06-01 22:55:35 Latest version is 1.12.7
2026-06-01 22:55:35 App is up to date.
2026-06-01 23:55:35 Checking for update using Github
2026-06-01 23:55:35 Success.
2026-06-01 23:55:35 Latest version is 1.12.7
2026-06-01 23:55:35 App is up to date.
2026-06-02 00:55:35 Checking for update using Github
2026-06-02 00:55:35 Success.
2026-06-02 00:55:35 Latest version is 1.12.7
2026-06-02 00:55:35 App is up to date.
2026-06-02 18:24:35 Checking for update using Github
2026-06-02 18:24:35 Success.
2026-06-02 18:24:35 Latest version is 1.12.7
2026-06-02 18:24:35 App is up to date.
2026-06-02 19:24:35 Checking for update using Github
2026-06-02 19:24:35 Success.
2026-06-02 19:24:35 Latest version is 1.12.7
2026-06-02 19:24:35 App is up to date.
2026-06-03 11:50:24 Loading updated app package /home/roazzolini/.config/obsidian/obsidian-1.12.7.asar
2026-06-03 11:50:25 Checking for update using Github
2026-06-03 11:50:26 Success.
2026-06-03 11:50:26 Latest version is 1.12.7
2026-06-03 11:50:26 App is up to date.
2026-06-03 12:50:24 Checking for update using Github
2026-06-03 12:50:24 Success.
2026-06-03 12:50:24 Latest version is 1.12.7
2026-06-03 12:50:24 App is up to date.
2026-06-03 13:50:24 Checking for update using Github
2026-06-03 13:50:24 Success.
2026-06-03 13:50:24 Latest version is 1.12.7
2026-06-03 13:50:24 App is up to date.
2026-06-03 14:50:24 Checking for update using Github
2026-06-03 14:50:25 Success.
2026-06-03 14:50:25 Latest version is 1.12.7
2026-06-03 14:50:25 App is up to date.
2026-06-03 22:49:06 Checking for update using Github
2026-06-03 22:49:06 Failed to check for update using Github (net::ERR_INTERNET_DISCONNECTED)
2026-06-03 22:49:06 Checking for update using obsidian.md
2026-06-03 22:49:06 Failed to check for update using obsidian.md (net::ERR_INTERNET_DISCONNECTED)
2026-06-03 23:49:06 Checking for update using Github
2026-06-03 23:49:06 Success.
2026-06-03 23:49:06 Latest version is 1.12.7
2026-06-03 23:49:06 App is up to date.
2026-06-04 00:49:06 Checking for update using Github
2026-06-04 00:49:06 Success.
2026-06-04 00:49:06 Latest version is 1.12.7
2026-06-04 00:49:06 App is up to date.
2026-06-04 12:32:27 Checking for update using Github
2026-06-04 12:32:27 Success.
2026-06-04 12:32:27 Latest version is 1.12.7
2026-06-04 12:32:27 App is up to date.
2026-06-04 13:32:27 Checking for update using Github
2026-06-04 13:32:27 Success.
2026-06-04 13:32:27 Latest version is 1.12.7
2026-06-04 13:32:27 App is up to date.
2026-06-04 13:34:57 Loading updated app package /home/roazzolini/.config/obsidian/obsidian-1.12.7.asar
2026-06-04 14:32:27 Checking for update using Github
2026-06-04 14:32:27 Success.
2026-06-04 14:32:27 Latest version is 1.12.7
2026-06-04 14:32:27 App is up to date.
2026-06-04 20:02:39 Checking for update using Github
2026-06-04 20:02:39 Success.
2026-06-04 20:02:39 Latest version is 1.12.7
2026-06-04 20:02:39 App is up to date.
2026-06-04 21:02:39 Checking for update using Github
2026-06-04 21:02:39 Success.
2026-06-04 21:02:39 Latest version is 1.12.7
2026-06-04 21:02:39 App is up to date.
2026-06-07 12:43:20 Loading updated app package /home/roazzolini/.config/obsidian/obsidian-1.12.7.asar
2026-06-07 12:43:20 Checking for update using Github
2026-06-07 12:43:21 Success.
2026-06-07 12:43:21 Latest version is 1.12.7
2026-06-07 12:43:21 App is up to date.
2026-06-07 13:43:20 Checking for update using Github
2026-06-07 13:43:20 Success.
2026-06-07 13:43:20 Latest version is 1.12.7
2026-06-07 13:43:20 App is up to date.
2026-06-07 14:43:55 Checking for update using Github
2026-06-07 14:43:56 Success.
2026-06-07 14:43:56 Latest version is 1.12.7
2026-06-07 14:43:56 App is up to date.
2026-06-07 15:43:55 Checking for update using Github
2026-06-07 15:43:56 Success.
2026-06-07 15:43:56 Latest version is 1.12.7
2026-06-07 15:43:56 App is up to date.
2026-06-07 16:43:55 Checking for update using Github
2026-06-07 16:43:56 Success.
2026-06-07 16:43:56 Latest version is 1.12.7
2026-06-07 16:43:56 App is up to date.
2026-06-07 17:43:55 Checking for update using Github
2026-06-07 17:43:56 Success.
2026-06-07 17:43:56 Latest version is 1.12.7
2026-06-07 17:43:56 App is up to date.
2026-06-09 09:40:26 Loading updated app package /home/roazzolini/.config/obsidian/obsidian-1.12.7.asar
2026-06-09 09:40:27 Checking for update using Github
2026-06-09 09:40:27 Success.
2026-06-09 09:40:27 Latest version is 1.12.7
2026-06-09 09:40:27 App is up to date.
